C51 COMPILER V9.52.0.0   FONT8_8                                                           01/01/2020 23:07:04 PAGE 1   


C51 COMPILER V9.52.0.0, COMPILATION OF MODULE FONT8_8
OBJECT MODULE PLACED IN .\output\FONT8_8.obj
COMPILER INVOKED BY: D:\Program Files\keil\C51\BIN\C51.EXE src\FONT8_8.C LARGE BROWSE INCDIR(.\head;.\src) DEBUG OBJECTE
                    -XTEND PRINT(.\output\FONT8_8.lst) TABS(2) OBJECT(.\output\FONT8_8.obj)

line level    source

   1          /****************************************************************************************
   2          * 文件名：FONT8_8.C
   3          * 功能：8*8 ASCII码字体及显示函数。
   4          * 作者：黄绍斌
   5          * 日期：2004.02.26
   6          * 备注：使用GUI_SetColor()函数设置前景颜色及背景色。
   7          ****************************************************************************************/
   8          #include "config.h"
   9          
  10          #if  FONT8x8_EN==1
  11          
  12          /* 8*8字体定义 */
  13          const uint8  FONT8x8ASCII[][8] = {
  14          /* 空格 */
  15            {
  16             ________,
  17             ________,
  18             ________,
  19             ________,
  20             ________,
  21             ________,
  22             ________,
  23             ________} 
  24              
  25          /*  !  */   
  26           ,{
  27             ___XX___,
  28             __XXXX__,
  29             __XXXX__,
  30             ___XX___,
  31             ___XX___,
  32             ________,
  33             ___XX___,
  34             ________}  
  35          
  36          /*  "  */
  37           ,{
  38             _XX__XX_,
  39             _XX__XX_,
  40             __X__X__,
  41             ________,
  42             ________,
  43             ________,
  44             ________,
  45             ________}  
  46          /*  #  */
  47           ,{
  48             _XX_XX__,
  49             _XX_XX__,
  50             XXXXXXX_,
  51             _XX_XX__,
  52             XXXXXXX_,
  53             _XX_XX__,
  54             _XX_XX__,
C51 COMPILER V9.52.0.0   FONT8_8                                                           01/01/2020 23:07:04 PAGE 2   

  55             ________}  
  56          
  57          /*  $  */
  58           ,{
  59             ___XX___,
  60             __XXXXX_,
  61             _XX_____,
  62             __XXXX__,
  63             _____XX_,
  64             _XXXXX__,
  65             ___XX___,
  66             ________}  
  67          
  68          /*  %  */
  69           ,{
  70             ________,
  71             XX___XX_,
  72             XX__XX__,
  73             ___XX___,
  74             __XX____,
  75             _XX__XX_,
  76             XX___XX_,
  77             ________}  
  78          
  79          /*  &  */
  80           ,{
  81             __XXX___,
  82             _XX_XX__,
  83             __XXX___,
  84             _XXX_XX_,
  85             XX_XXX__,
  86             XX__XX__,
  87             _XXX_XX_,
  88             ________}  
  89          
  90          /*  '  */
  91           ,{
  92             ___XX___,
  93             ___XX___,
  94             __XX____,
  95             ________,
  96             ________,
  97             ________,
  98             ________,
  99             ________}  
 100          
 101          /*  (  */
 102           ,{
 103             ____XX__,
 104             ___XX___,
 105             __XX____,
 106             __XX____,
 107             __XX____,
 108             ___XX___,
 109             ____XX__,
 110             ________}  
 111          
 112          /*  )  */
 113           ,{
 114             __XX____,
 115             ___XX___,
 116             ____XX__,
C51 COMPILER V9.52.0.0   FONT8_8                                                           01/01/2020 23:07:04 PAGE 3   

 117             ____XX__,
 118             ____XX__,
 119             ___XX___,
 120             __XX____,
 121             ________}  
 122          
 123          /*  *  */
 124           ,{
 125             ________,
 126             _XX__XX_,
 127             __XXXX__,
 128             XXXXXXXX,
 129             __XXXX__,
 130             _XX__XX_,
 131             ________,
 132             ________}  
 133          
 134          /*  +  */
 135           ,{
 136             ________,
 137             ___XX___,
 138             ___XX___,
 139             _XXXXXX_,
 140             ___XX___,
 141             ___XX___,
 142             ________,
 143             ________}  
 144          
 145          /*  ,  */
 146           ,{
 147             ________,
 148             ________,
 149             ________,
 150             ________,
 151             ________,
 152             ___XX___,
 153             ___XX___,
 154             __XX____}  
 155          
 156          /*  -  */
 157           ,{
 158             ________,
 159             ________,
 160             ________,
 161             _XXXXXX_,
 162             ________,
 163             ________,
 164             ________,
 165             ________}  
 166          
 167          /*  .  */
 168           ,{
 169             ________,
 170             ________,
 171             ________,
 172             ________,
 173             ________,
 174             ___XX___,
 175             ___XX___,
 176             ________}  
 177          
 178          /*  /  */
C51 COMPILER V9.52.0.0   FONT8_8                                                           01/01/2020 23:07:04 PAGE 4   

 179           ,{
 180             _____XX_,
 181             ____XX__,
 182             ___XX___,
 183             __XX____,
 184             _XX_____,
 185             XX______,
 186             X_______,
 187             ________}  
 188          
 189          /*  0  */
 190           ,{
 191             __XXX___,
 192             _XX_XX__,
 193             XX___XX_,
 194             XX___XX_,
 195             XX___XX_,
 196             _XX_XX__,
 197             __XXX___,
 198             ________}  
 199          
 200          /*  1  */
 201           ,{
 202             ___XX___,
 203             __XXX___,
 204             ___XX___,
 205             ___XX___,
 206             ___XX___,
 207             ___XX___,
 208             _XXXXXX_,
 209             ________}  
 210          
 211          /*  2  */
 212           ,{
 213             _XXXXX__,
 214             XX___XX_,
 215             _____XX_,
 216             ___XXX__,
 217             __XX____,
 218             _XX__XX_,
 219             XXXXXXX_,
 220             ________}  
 221          
 222          /*  3  */
 223           ,{
 224             _XXXXX__,
 225             XX___XX_,
 226             _____XX_,
 227             __XXXX__,
 228             _____XX_,
 229             XX___XX_,
 230             _XXXXX__,
 231             ________}  
 232          
 233          /*  4  */
 234           ,{
 235             ___XXX__,
 236             __XXXX__,
 237             _XX_XX__,
 238             XX__XX__,
 239             XXXXXXX_,
 240             ____XX__,
C51 COMPILER V9.52.0.0   FONT8_8                                                           01/01/2020 23:07:04 PAGE 5   

 241             ___XXXX_,
 242             ________}  
 243          
 244          /*  5  */
 245           ,{
 246             XXXXXXX_,
 247             XX______,
 248             XX______,
 249             XXXXXX__,
 250             _____XX_,
 251             XX___XX_,
 252             _XXXXX__,
 253             ________}  
 254          
 255          /*  6  */
 256           ,{
 257             __XXX___,
 258             _XX_____,
 259             XX______,
 260             XXXXXX__,
 261             XX___XX_,
 262             XX___XX_,
 263             _XXXXX__,
 264             ________}  
 265          
 266          /*  7  */
 267           ,{
 268             XXXXXXX_,
 269             XX___XX_,
 270             ____XX__,
 271             ___XX___,
 272             __XX____,
 273             __XX____,
 274             __XX____,
 275             ________}  
 276          
 277          /*  8  */
 278           ,{
 279             _XXXXX__,
 280             XX___XX_,
 281             XX___XX_,
 282             _XXXXX__,
 283             XX___XX_,
 284             XX___XX_,
 285             _XXXXX__,
 286             ________}  
 287          
 288          /*  9  */
 289           ,{
 290             _XXXXX__,
 291             XX___XX_,
 292             XX___XX_,
 293             _XXXXXX_,
 294             _____XX_,
 295             ____XX__,
 296             _XXXX___,
 297             ________}  
 298          
 299          /*  :  */
 300           ,{
 301             ________,
 302             ___XX___,
C51 COMPILER V9.52.0.0   FONT8_8                                                           01/01/2020 23:07:04 PAGE 6   

 303             ___XX___,
 304             ________,
 305             ________,
 306             ___XX___,
 307             ___XX___,
 308             ________}  
 309          
 310          /*  ;  */
 311           ,{
 312             ________,
 313             ___XX___,
 314             ___XX___,
 315             ________,
 316             ________,
 317             ___XX___,
 318             ___XX___,
 319             __XX____}  
 320          
 321          /*  <  */
 322           ,{
 323             _____XX_,
 324             ____XX__,
 325             ___XX___,
 326             __XX____,
 327             ___XX___,
 328             ____XX__,
 329             _____XX_,
 330             ________}  
 331          
 332          /*  =  */
 333           ,{
 334             ________,
 335             ________,
 336             _XXXXXX_,
 337             ________,
 338             ________,
 339             _XXXXXX_,
 340             ________,
 341             ________}  
 342          
 343          /*  >  */
 344           ,{
 345             _XX_____,
 346             __XX____,
 347             ___XX___,
 348             ____XX__,
 349             ___XX___,
 350             __XX____,
 351             _XX_____,
 352             ________}  
 353          
 354          /*  ?  */
 355           ,{
 356             _XXXXX__,
 357             XX___XX_,
 358             ____XX__,
 359             ___XX___,
 360             ___XX___,
 361             ________,
 362             ___XX___,
 363             ________}  
 364          
C51 COMPILER V9.52.0.0   FONT8_8                                                           01/01/2020 23:07:04 PAGE 7   

 365          /*  @  */
 366           ,{
 367             _XXXXX__,
 368             XX___XX_,
 369             XX_XXXX_,
 370             XX_XXXX_,
 371             XX_XXXX_,
 372             XX______,
 373             _XXXX___,
 374             ________}  
 375          
 376          /*  A  */
 377           ,{
 378             __XXX___,
 379             _XX_XX__,
 380             XX___XX_,
 381             XXXXXXX_,
 382             XX___XX_,
 383             XX___XX_,
 384             XX___XX_,
 385             ________}  
 386          
 387          /*  B  */
 388           ,{
 389             XXXXXX__,
 390             _XX__XX_,
 391             _XX__XX_,
 392             _XXXXX__,
 393             _XX__XX_,
 394             _XX__XX_,
 395             XXXXXX__,
 396             ________}  
 397          
 398          /*  C  */
 399           ,{
 400             __XXXX__,
 401             _XX__XX_,
 402             XX______,
 403             XX______,
 404             XX______,
 405             _XX__XX_,
 406             __XXXX__,
 407             ________}  
 408          
 409          /*  D  */
 410           ,{
 411             XXXXX___,
 412             _XX_XX__,
 413             _XX__XX_,
 414             _XX__XX_,
 415             _XX__XX_,
 416             _XX_XX__,
 417             XXXXX___,
 418             ________}  
 419          
 420          /*  E  */
 421           ,{
 422             XXXXXXX_,
 423             _XX___X_,
 424             _XX_X___,
 425             _XXXX___,
 426             _XX_X___,
C51 COMPILER V9.52.0.0   FONT8_8                                                           01/01/2020 23:07:04 PAGE 8   

 427             _XX___X_,
 428             XXXXXXX_,
 429             ________}  
 430          
 431          /*  F  */
 432           ,{
 433             XXXXXXX_,
 434             _XX___X_,
 435             _XX_X___,
 436             _XXXX___,
 437             _XX_X___,
 438             _XX_____,
 439             XXXX____,
 440             ________}  
 441          
 442          /*  G  */
 443           ,{
 444             __XXXX__,
 445             _XX__XX_,
 446             XX______,
 447             XX______,
 448             XX__XXX_,
 449             _XX__XX_,
 450             __XXX_X_,
 451             ________}  
 452          
 453          /*  H  */
 454           ,{
 455             XX___XX_,
 456             XX___XX_,
 457             XX___XX_,
 458             XXXXXXX_,
 459             XX___XX_,
 460             XX___XX_,
 461             XX___XX_,
 462             ________}  
 463          
 464          /*  I  */
 465           ,{
 466             __XXXX__,
 467             ___XX___,
 468             ___XX___,
 469             ___XX___,
 470             ___XX___,
 471             ___XX___,
 472             __XXXX__,
 473             ________}  
 474          
 475          /*  J  */
 476           ,{
 477             ___XXXX_,
 478             ____XX__,
 479             ____XX__,
 480             ____XX__,
 481             XX__XX__,
 482             XX__XX__,
 483             _XXXX___,
 484             ________}  
 485          
 486          /*  K  */
 487           ,{
 488             XXX__XX_,
C51 COMPILER V9.52.0.0   FONT8_8                                                           01/01/2020 23:07:04 PAGE 9   

 489             _XX__XX_,
 490             _XX_XX__,
 491             _XXXX___,
 492             _XX_XX__,
 493             _XX__XX_,
 494             XXX__XX_,
 495             ________}  
 496          
 497          /*  L  */
 498           ,{
 499             XXXX____,
 500             _XX_____,
 501             _XX_____,
 502             _XX_____,
 503             _XX___X_,
 504             _XX__XX_,
 505             XXXXXXX_,
 506             ________}  
 507          
 508          /*  M  */
 509           ,{
 510             XX___XX_,
 511             XXX_XXX_,
 512             XXXXXXX_,
 513             XXXXXXX_,
 514             XX_X_XX_,
 515             XX___XX_,
 516             XX___XX_,
 517             ________}  
 518          
 519          /*  N  */
 520           ,{
 521             XX___XX_,
 522             XXX__XX_,
 523             XXXX_XX_,
 524             XX_XXXX_,
 525             XX__XXX_,
 526             XX___XX_,
 527             XX___XX_,
 528             ________}  
 529          
 530          /*  O  */
 531           ,{
 532             _XXXXX__,
 533             XX___XX_,
 534             XX___XX_,
 535             XX___XX_,
 536             XX___XX_,
 537             XX___XX_,
 538             _XXXXX__,
 539             ________}  
 540          
 541          /*  P  */
 542           ,{
 543             XXXXXX__,
 544             _XX__XX_,
 545             _XX__XX_,
 546             _XXXXX__,
 547             _XX_____,
 548             _XX_____,
 549             XXXX____,
 550             ________}  
C51 COMPILER V9.52.0.0   FONT8_8                                                           01/01/2020 23:07:04 PAGE 10  

 551          
 552          /*  Q  */
 553           ,{
 554             _XXXXX__,
 555             XX___XX_,
 556             XX___XX_,
 557             XX___XX_,
 558             XX___XX_,
 559             XX__XXX_,
 560             _XXXXX__,
 561             ____XXX_}  
 562          
 563          /*  R  */
 564           ,{
 565             XXXXXX__,
 566             _XX__XX_,
 567             _XX__XX_,
 568             _XXXXX__,
 569             _XX_XX__,
 570             _XX__XX_,
 571             XXX__XX_,
 572             ________}  
 573          
 574          /*  S  */
 575           ,{
 576             __XXXX__,
 577             _XX__XX_,
 578             __XX____,
 579             ___XX___,
 580             ____XX__,
 581             _XX__XX_,
 582             __XXXX__,
 583             ________}  
 584          
 585          /*  T  */
 586           ,{
 587             _XXXXXX_,
 588             _XXXXXX_,
 589             _X_XX_X_,
 590             ___XX___,
 591             ___XX___,
 592             ___XX___,
 593             __XXXX__,
 594             ________}  
 595          
 596          /*  U  */
 597           ,{
 598             XX___XX_,
 599             XX___XX_,
 600             XX___XX_,
 601             XX___XX_,
 602             XX___XX_,
 603             XX___XX_,
 604             _XXXXX__,
 605             ________}  
 606          
 607          /*  V  */
 608           ,{
 609             XX___XX_,
 610             XX___XX_,
 611             XX___XX_,
 612             XX___XX_,
C51 COMPILER V9.52.0.0   FONT8_8                                                           01/01/2020 23:07:04 PAGE 11  

 613             XX___XX_,
 614             _XX_XX__,
 615             __XXX___,
 616             ________}  
 617          
 618          /*  W  */
 619           ,{
 620             XX___XX_,
 621             XX___XX_,
 622             XX___XX_,
 623             XX_X_XX_,
 624             XX_X_XX_,
 625             XXXXXXX_,
 626             _XX_XX__,
 627             ________}  
 628          
 629          /*  X  */
 630           ,{
 631             XX___XX_,
 632             XX___XX_,
 633             _XX_XX__,
 634             __XXX___,
 635             _XX_XX__,
 636             XX___XX_,
 637             XX___XX_,
 638             ________}  
 639          
 640          /*  Y  */
 641           ,{
 642             _XX__XX_,
 643             _XX__XX_,
 644             _XX__XX_,
 645             __XXXX__,
 646             ___XX___,
 647             ___XX___,
 648             __XXXX__,
 649             ________}  
 650          
 651          /*  Z  */
 652           ,{
 653             XXXXXXX_,
 654             XX___XX_,
 655             X___XX__,
 656             ___XX___,
 657             __XX__X_,
 658             _XX__XX_,
 659             XXXXXXX_,
 660             ________}  
 661          
 662          /*  [  */
 663           ,{
 664             __XXXX__,
 665             __XX____,
 666             __XX____,
 667             __XX____,
 668             __XX____,
 669             __XX____,
 670             __XXXX__,
 671             ________}  
 672          
 673          /*  \  */
 674           ,{
C51 COMPILER V9.52.0.0   FONT8_8                                                           01/01/2020 23:07:04 PAGE 12  

 675             XX______,
 676             _XX_____,
 677             __XX____,
 678             ___XX___,
 679             ____XX__,
 680             _____XX_,
 681             ______X_,
 682             ________}  
 683          
 684          /*  ]  */
 685           ,{
 686             __XXXX__,
 687             ____XX__,
 688             ____XX__,
 689             ____XX__,
 690             ____XX__,
 691             ____XX__,
 692             __XXXX__,
 693             ________}  
 694          
 695          /*  ^  */
 696           ,{
 697             ___X____,
 698             __XXX___,
 699             _XX_XX__,
 700             XX___XX_,
 701             ________,
 702             ________,
 703             ________,
 704             ________}  
 705          
 706          /*  _  */
 707           ,{
 708             ________,
 709             ________,
 710             ________,
 711             ________,
 712             ________,
 713             ________,
 714             ________,
 715             XXXXXXXX}  
 716          
 717          /*  `  */
 718           ,{
 719             __XX____,
 720             ___XX___,
 721             ____XX__,
 722             ________,
 723             ________,
 724             ________,
 725             ________,
 726             ________}  
 727          
 728          /*  a  */
 729           ,{
 730             ________,
 731             ________,
 732             _XXXX___,
 733             ____XX__,
 734             _XXXXX__,
 735             XX__XX__,
 736             _XXX_XX_,
C51 COMPILER V9.52.0.0   FONT8_8                                                           01/01/2020 23:07:04 PAGE 13  

 737             ________}  
 738          
 739          /*  b  */
 740           ,{
 741             XXX_____,
 742             _XX_____,
 743             _XXXXX__,
 744             _XX__XX_,
 745             _XX__XX_,
 746             _XX__XX_,
 747             XX_XXX__,
 748             ________}  
 749          
 750          /*  c  */
 751           ,{
 752             ________,
 753             ________,
 754             _XXXXX__,
 755             XX___XX_,
 756             XX______,
 757             XX___XX_,
 758             _XXXXX__,
 759             ________}  
 760          
 761          /*  d  */
 762           ,{
 763             ___XXX__,
 764             ____XX__,
 765             _XXXXX__,
 766             XX__XX__,
 767             XX__XX__,
 768             XX__XX__,
 769             _XXX_XX_,
 770             ________}  
 771          
 772          /*  e  */
 773           ,{
 774             ________,
 775             ________,
 776             _XXXXX__,
 777             XX___XX_,
 778             XXXXXXX_,
 779             XX______,
 780             _XXXXX__,
 781             ________}  
 782          
 783          /*  f  */
 784           ,{
 785             __XXXX__,
 786             _XX__XX_,
 787             _XX_____,
 788             XXXXX___,
 789             _XX_____,
 790             _XX_____,
 791             XXXX____,
 792             ________}  
 793          
 794          /*  g  */
 795           ,{
 796             ________,
 797             ________,
 798             _XXX_XX_,
C51 COMPILER V9.52.0.0   FONT8_8                                                           01/01/2020 23:07:04 PAGE 14  

 799             XX__XX__,
 800             XX__XX__,
 801             _XXXXX__,
 802             ____XX__,
 803             XXXXX___}  
 804          
 805          /*  h  */
 806           ,{
 807             XXX_____,
 808             _XX_____,
 809             _XX_XX__,
 810             _XXX_XX_,
 811             _XX__XX_,
 812             _XX__XX_,
 813             XXX__XX_,
 814             ________}  
 815          
 816          /*  i  */
 817           ,{
 818             ___XX___,
 819             ________,
 820             __XXX___,
 821             ___XX___,
 822             ___XX___,
 823             ___XX___,
 824             __XXXX__,
 825             ________}  
 826          
 827          /*  j  */
 828           ,{
 829             _____XX_,
 830             ________,
 831             _____XX_,
 832             _____XX_,
 833             _____XX_,
 834             _XX__XX_,
 835             _XX__XX_,
 836             __XXXX__}  
 837          
 838          /*  k  */
 839           ,{
 840             XXX_____,
 841             _XX_____,
 842             _XX__XX_,
 843             _XX_XX__,
 844             _XXXX___,
 845             _XX_XX__,
 846             XXX__XX_,
 847             ________}  
 848          
 849          /*  l  */
 850           ,{
 851             __XXX___,
 852             ___XX___,
 853             ___XX___,
 854             ___XX___,
 855             ___XX___,
 856             ___XX___,
 857             __XXXX__,
 858             ________}  
 859          
 860          /*  m  */
C51 COMPILER V9.52.0.0   FONT8_8                                                           01/01/2020 23:07:04 PAGE 15  

 861           ,{
 862             ________,
 863             ________,
 864             XXX_XX__,
 865             XXXXXXX_,
 866             XX_X_XX_,
 867             XX_X_XX_,
 868             XX_X_XX_,
 869             ________}  
 870          
 871          /*  n  */
 872           ,{
 873             ________,
 874             ________,
 875             XX_XXX__,
 876             _XX__XX_,
 877             _XX__XX_,
 878             _XX__XX_,
 879             _XX__XX_,
 880             ________}  
 881          
 882          /*  o  */
 883           ,{
 884             ________,
 885             ________,
 886             _XXXXX__,
 887             XX___XX_,
 888             XX___XX_,
 889             XX___XX_,
 890             _XXXXX__,
 891             ________}  
 892          
 893          /*  p  */
 894           ,{
 895             ________,
 896             ________,
 897             XX_XXX__,
 898             _XX__XX_,
 899             _XX__XX_,
 900             _XXXXX__,
 901             _XX_____,
 902             XXXX____}  
 903          
 904          /*  q  */
 905           ,{
 906             ________,
 907             ________,
 908             _XXX_XX_,
 909             XX__XX__,
 910             XX__XX__,
 911             _XXXXX__,
 912             ____XX__,
 913             ___XXXX_}  
 914          
 915          /*  r  */
 916           ,{
 917             ________,
 918             ________,
 919             XX_XXX__,
 920             _XXX_XX_,
 921             _XX_____,
 922             _XX_____,
C51 COMPILER V9.52.0.0   FONT8_8                                                           01/01/2020 23:07:04 PAGE 16  

 923             XXXX____,
 924             ________}  
 925          
 926          /*  s  */
 927           ,{
 928             ________,
 929             ________,
 930             _XXXXXX_,
 931             XX______,
 932             _XXXXX__,
 933             _____XX_,
 934             XXXXXX__,
 935             ________}  
 936          
 937          /*  t  */
 938           ,{
 939             __XX____,
 940             __XX____,
 941             XXXXXX__,
 942             __XX____,
 943             __XX____,
 944             __XX_XX_,
 945             ___XXX__,
 946             ________}  
 947          
 948          /*  u  */
 949           ,{
 950             ________,
 951             ________,
 952             XX__XX__,
 953             XX__XX__,
 954             XX__XX__,
 955             XX__XX__,
 956             _XXX_XX_,
 957             ________}  
 958          
 959          /*  v  */
 960           ,{
 961             ________,
 962             ________,
 963             XX___XX_,
 964             XX___XX_,
 965             XX___XX_,
 966             _XX_XX__,
 967             __XXX___,
 968             ________}  
 969          
 970          /*  w  */
 971           ,{
 972             ________,
 973             ________,
 974             XX___XX_,
 975             XX_X_XX_,
 976             XX_X_XX_,
 977             XXXXXXX_,
 978             _XX_XX__,
 979             ________}  
 980          
 981          /*  x  */
 982           ,{
 983             ________,
 984             ________,
C51 COMPILER V9.52.0.0   FONT8_8                                                           01/01/2020 23:07:04 PAGE 17  

 985             XX___XX_,
 986             _XX_XX__,
 987             __XXX___,
 988             _XX_XX__,
 989             XX___XX_,
 990             ________}  
 991          
 992          /*  y  */
 993           ,{
 994             ________,
 995             ________,
 996             XX___XX_,
 997             XX___XX_,
 998             XX___XX_,
 999             _XXXXXX_,
1000             _____XX_,
1001             XXXXXX__}  
1002          
1003          /*  z  */
1004           ,{
1005             ________,
1006             ________,
1007             _XXXXXX_,
1008             _X__XX__,
1009             ___XX___,
1010             __XX__X_,
1011             _XXXXXX_,
1012             ________} 
1013          
1014          /*  {  */
1015           ,{
1016             ____XXX_,
1017             ___XX___,
1018             ___XX___,
1019             _XXX____,
1020             ___XX___,
1021             ___XX___,
1022             ____XXX_,
1023             ________}  
1024          
1025          /*  |  */
1026           ,{
1027             ___XX___,
1028             ___XX___,
1029             ___XX___,
1030             ___XX___,
1031             ___XX___,
1032             ___XX___,
1033             ___XX___,
1034             ________}  
1035             
1036          /*  }  */
1037           ,{
1038             _XXX____,
1039             ___XX___,
1040             ___XX___,
1041             ____XXX_,
1042             ___XX___,
1043             ___XX___,
1044             _XXX____,
1045             ________}  
1046          
C51 COMPILER V9.52.0.0   FONT8_8                                                           01/01/2020 23:07:04 PAGE 18  

1047          /*  ~  */
1048           ,{
1049             _XXX_XX_,
1050             XX_XXX__,
1051             ________,
1052             ________,
1053             ________,
1054             ________,
1055             ________,
1056             ________}   
1057          
1058          /* 0x7f */
1059           ,{
1060             XXXXXX__,
1061             XXXXXX__,
1062             XXXXXX__,
1063             XXXXXX__,
1064             XXXXXX__,
1065             XXXXXX__,
1066             XXXXXX__,
1067             ________}
1068             
1069          };
1070          
1071          /****************************************************************************
1072          * 名称：GUI_PutChar8_8()
1073          * 功能：显示ASCII码(8*8字体)，显示值为20H-7FH(若为其它值，则显示' ')。
1074          * 入口参数： x    指定显示位置，x坐标
1075          *           y   指定显示位置，y坐标
1076          *           ch    要显示的ASCII码值。
1077          * 出口参数：返回值为1时表示操作成功，为0时表示操作失败。
1078          * 说明：操作失败原因是指定地址超出有效范围。
1079          ****************************************************************************/
1080          uint8  GUI_PutChar8_8(uint32 x, uint32 y, uint8 ch)
1081          {  uint8   font_dat;
1082   1         uint8   i, j;
1083   1         TCOLOR  bakc;
1084   1      
1085   1         /* 参数过滤 */
1086   1         if( x>(GUI_LCM_XMAX-8) ) return(0);
1087   1         if( y>(GUI_LCM_YMAX-8) ) return(0);
1088   1         if( (ch<0x20) || (ch>0x7f) ) ch = 0x20;
1089   1         
1090   1         ch -= 0x20; 
1091   1         for(i=0; i<8; i++)
1092   1         {  /* 读取点阵数据 */
1093   2            font_dat = FONT8x8ASCII[ch][i];
1094   2            
1095   2            for(j=0; j<8; j++)
1096   2            {  /* 设置相应的点为color或为back_color */
1097   3               if( (font_dat&DCB2HEX_TAB[j])==0 ) GUI_CopyColor(&bakc, back_color);
1098   3                  else  GUI_CopyColor(&bakc, disp_color);
1099   3               GUI_Point(x, y, bakc);       
1100   3               x++;
1101   3            }
1102   2            
1103   2            y++;                  // 指向下一行
1104   2            x -= 8;               // 恢复x值
1105   2         }
1106   1         
1107   1         return(1);
1108   1      }
C51 COMPILER V9.52.0.0   FONT8_8                                                           01/01/2020 23:07:04 PAGE 19  

1109          
1110          
1111          
1112          /****************************************************************************
1113          * 名称：GUI_PutString8_8()
1114          * 功能：输出显示字符串((8*8字体，没有自动换行功能)。
1115          * 入口参数： x    指定显示位置，x坐标
1116          *           y   指定显示位置，y坐标
1117          *           str   要显示的ASCII码字符串
1118          * 出口参数：无
1119          * 说明：操作失败原因是指定地址超出有效范围。
1120          ****************************************************************************/
1121          void  GUI_PutString8_8(uint32 x, uint32 y, char *str)
1122          {  while(1)
1123   1         {  if( (*str)=='\0' ) break;
1124   2            if( GUI_PutChar8_8(x, y, *str++)==0 ) break;
1125   2            x += 6;               // 下一个字符显示位置，y不变(即不换行)
1126   2         }
1127   1      }
1128          
1129          
1130          /****************************************************************************
1131          * 名称：GUI_PutNoStr8_8()
1132          * 功能：输出显示字符串((8*8字体，没有自动换行功能)，若显示的字符个数大于指定个数，则直接退出。
1133          * 入口参数： x    指定显示位置，x坐标
1134          *           y   指定显示位置，y坐标
1135          *           str   要显示的ASCII码字符串。
1136          *           no      最大显示字符的个数
1137          * 出口参数：无
1138          * 说明：操作失败原因是指定地址超出有效范围。
1139          ****************************************************************************/
1140          /*void  GUI_PutNoStr8_8(uint32 x, uint32 y, char *str, uint8 no)
1141          {  if(no==0) return;
1142             for(; no>0; no--)
1143             {  if( (*str)=='\0' ) break;
1144                if( GUI_PutChar(x, y, *str++)==0 ) break;
1145                x += 6;               // 下一个字符显示位置，y不变(即不换行)
1146             }
1147          } */
1148          
1149          #endif


MODULE INFORMATION:   STATIC OVERLAYABLE
   CODE SIZE        =    351    ----
   CONSTANT SIZE    =   ----    ----
   XDATA SIZE       =    768      16
   PDATA SIZE       =   ----    ----
   DATA SIZE        =   ----    ----
   IDATA SIZE       =   ----    ----
   BIT SIZE         =   ----    ----
END OF MODULE INFORMATION.


C51 COMPILATION COMPLETE.  0 WARNING(S),  0 ERROR(S)
